# --------------------------------------------------- // package / environment management
python-conda                                          # (!need manually install) OS-agnostic, system-level binary package manager and ecosystem
npm                                                   # Javascript package manager

# --------------------------------------------------- // version control
nvm                                                   # Node version control, to manage multiple active node.js versions

# --------------------------------------------------- // offline Manual
man-db                                                # A utility for reading man pages
man-pages

# --------------------------------------------------- // library / toolkit
# cuda                                                # (!big compile) NVIDIA's GPU programming toolkit
jre21-openjdk                                         # OpenJDK Java 21 full runtime environment 

# --------------------------------------------------- // utility
github-cli                                            # The GitHub CLI
