# --------------------------------------------------- // Terminal emulator
kitty                                                 # A modern, hackable, featureful, OpenGL-based terminal emulator 
# alacritty                                           # [optional] A cross-platform, GPU-accelerated terminal emulator

# --------------------------------------------------- // Terminal multiplexer / workspaces
tmux                                                  # Provide minimal configuration and high customization.
# zellij                                              # [optional] Provide an out-of-the-box experience.

# --------------------------------------------------- // Main CLI tools
vim                                                   # a text editor
neovim                                                # a text editor
# emacs                                               # the extensible, customizable, self-documenting real-time display editor
yazi                                                  # a file manager (TUI)
# ranger                                              # a file manager (TUI)

# --------------------------------------------------- // Useful CLI tools
fastfetch                                             # show system information
cava                                                  # audio visualizer
btop                                                  # a monitor
htop                                                  # a monitor

# NOTICE:
# `fancy-cat` requires manual installation
