# --------------------------------------------------- // NVIDIA Driver
nvidia-open-dkms                                      # NVIDIA open kernel modules - module sources
# nvidia-dkms                                         # NVIDIA kernel modules - module sources
egl-wayland                                           # EGLStream-based Wayland external platform
opencl-nvidia                                         # OpenCL implemention for NVIDIA
nvidia-utils                                          # NVIDIA drivers utilities
nvidia-settings                                       # (!Wayland not support) Tool for configuring the NVIDIA graphics driver
lib32-nvidia-utils                                    # NVIDIA drivers utilities (32-bit)
lib32-opencl-nvidia                                   # OpenCL implemention for NVIDIA

# --------------------------------------------------- // Utils
nvidia-prime                                          # NVIDIA Prime Render Offload configuration and utilities
