# --------------------------------------------------- // IDE
qtcreator                                             # C++ IDE for developing QT applications

# --------------------------------------------------- // Text Editor
code                                                  # Vscode Open Source

# --------------------------------------------------- // 3D modeling
blender                                               # Open-Source 3D Modeling Software

# --------------------------------------------------- // Drawing
# gimp                                                  # (!RC) GNU Image Manipulation Program
krita                                                 # KDE Digital Drawing tool 

# --------------------------------------------------- // Record & Streaming
obs-studio                                            # Open-Source Record and Streaming Software

# --------------------------------------------------- // Video Editing
kdenlive                                              # KDE Open-Source Video Editor
