# --------------------------------------------------- // IDE
qtcreator                                             # C++ IDE for developing QT applications
# android-studio                                        # [optional] The official Android IDE (Stable branch)

# --------------------------------------------------- // Text Editor
code                                                  # Offical Arch Linux Open-Source release
# vscodium-bin                                          # Community open-source release, Nullifies telemetry in the source code

# --------------------------------------------------- // 3D modeling
blender                                               # Open-Source 3D Modeling Software

# --------------------------------------------------- // Drawing
# gimp                                                # GNU Image Manipulation Program
krita                                                 # KDE Digital Drawing tool 
inkscape                                              # Professional vector graphics editor

# --------------------------------------------------- // Record & Streaming
obs-studio                                            # Open-Source Record and Streaming Software

# --------------------------------------------------- // Video Editing
kdenlive                                              # KDE Open-Source Video Editor

# --------------------------------------------------- // Container / Emulator
waydroid                                              # A container-based approach to boot a full Android system on a regular Linux system

# Notice:
# `krita` have scaling issues.
