# --------------------------------------------------- // Tracker & monitor
wireshark-qt                                          # a network traffic analyzer

# --------------------------------------------------- // Audio
waylyrics                                             # Show desktop lyrics in a furry way
easyeffects                                           # Audio Effects for Pipewire applications

# --------------------------------------------------- // Documents
typst                                                 # A markup-based typesetting system for the sciences

# --------------------------------------------------- // Misc
# emote                                                 # [optional] Emoji Picker
nvtop                                                 # A cli to monitor nvidia gpu
intel-gpu-tools                                       # A cli to monitor intel gpu
# xcursor-viewer-git                                    # (!upstream unmaintained) Show xcursor preview
# sptlrx-bin                                            # [optional] Synchronized lyrics in your terminal
# liteloader-qqnt-bin                                   # A lightweight, simple, and open-source QQNT plugin loader.
