# --------------------------------------------------- // Network
wireshark-qt                                          # a network traffic analyzer

# --------------------------------------------------- // Audio
waylyrics                                             # Show desktop lyrics in a furry way

# --------------------------------------------------- // Misc
# emote                                                 # Emoji Picker
nvtop                                                 # a cli to monitor nvidia gpu
intel-gpu-tools                                       # a cli to monitor intel gpu
downgrade                                             # a cli to downgrade packages
trash-cli-git                                         # a cli to manage trash files

# --------------------------------------------------- // Customozation
spicetify-cli                                         # a cli to customize spotify client
spicetify-marketplace-bin                             # spotify integrated marketplace
betterdiscordctl-git                                  # a cli to customize discord client
