# --------------------------------------------------- // Theme Tools
nwg-look                                              # gtk configuration tool
kvantum-qt5                                           # a SVG-based theme engine for QT5 and KDE
kvantum                                               # a SVG-based theme engine for QT6 and KDE
qt5ct                                                 # a configtool for QT5 (theme,font,icons,etc) under DE/WM without QT integration
qt6ct                                                 # (!archived) a configtool for QT6 (theme,font,icons,etc) under DE/WM without QT integration
# qt5ct-kde                                             # (fork) a configtool for QT5 (theme,font,icons,etc) under DE/WM without QT integration
# qt6ct-kde                                             # (fork) a configtool for QT6 (theme,font,icons,etc) under DE/WM without QT integration
themix-full-git                                       # [optional] a theme designer for GTK2/3, generating different color variations of Oomox
