# --------------------------------------------------- // Basic
curl                                                  # a command line tool and library for transferring data with URL syntax
wget                                                  # a network utility to retrieve files from the web
git                                                   # the fast distributed version control system
npm                                                   # javascript package manager
make                                                  # GNU make utility to maintain groups of programs
ninja                                                 # small build system with a focus on speed
cmake                                                 # a cross-platform open-source make system
meson                                                 # high productivity build system
gcc                                                   # the GNU compiler collection - C and C++ frontends
clang                                                 # C language family frontend for LLVM
jq                                                    # a command line JSON processor
parallel                                              # for parallel processing
imagemagick                                           # for image processing
libnotify                                             # for notifications
libinput-gestures                                     # actions gestures on your touchpad using libinput                             
tar                                                   # utility used to store, backup, and transport files
unzip                                                 # for extracting and viewing files in .zip archives
pacman-contrib                                        # for system update check
ffmpeg                                                # complete solution to record, convert and stream audio and video
brightnessctl                                         # screen brightness control
udiskie                                               # manage removable media
vim                                                   # a text editor

# --------------------------------------------------- // Pre-launch
grub                                                  # GNU GRand Unified Bootloader
plymouth                                              # Graphical boot splash screen
sddm                                                  # Display manager

# --------------------------------------------------- // Dependencies
udisks2                                               # Daemon, tools and libraries to access and manipulate disks, storage devices and technologies
